// Vitest Snapshot v1, https://vitest.dev/guide/snapshot.html

exports[`My Experience Component > should match snapshot when rendered. 1`] = `
"<div id="experience" aria-labelledby="experience-title" class="section" role="region">
  <div class="cc-experience container">
    <section-title-stub icon="fa fa-briefcase" title="ExpÃ©rience professionnelle" iconcolor="#4D9344" id="experience-title"></section-title-stub>
    <professional-experience-card-stub professionalexperience="[object Object]" aria-label="1 - MyExperience.fullStackDeveloperConsultant" class="professional-experience-card" role="region"></professional-experience-card-stub>
    <professional-experience-card-stub professionalexperience="[object Object]" aria-label="2 - MyExperience.itR&amp;DEngineer" class="professional-experience-card" role="region"></professional-experience-card-stub>
    <professional-experience-card-stub professionalexperience="[object Object]" aria-label="3 - MyExperience.internFullStackDeveloper" class="professional-experience-card" role="region"></professional-experience-card-stub>
    <professional-experience-card-stub professionalexperience="[object Object]" aria-label="4 - MyExperience.internFullStackDeveloper" class="professional-experience-card" role="region"></professional-experience-card-stub>
    <professional-experience-card-stub professionalexperience="[object Object]" aria-label="5 - MyExperience.freelanceFullStackDeveloper" class="professional-experience-card" role="region"></professional-experience-card-stub>
    <professional-experience-card-stub professionalexperience="[object Object]" aria-label="6 - MyExperience.internFullStackDeveloper" class="professional-experience-card" role="region"></professional-experience-card-stub>
  </div>
</div>"
`;
